// Jest Snapshot v1, https://goo.gl/fbAQLP

exports[`Radio Renders correctly 1`] = `
<div
  className="md-radio"
  onClick={[Function]}
>
  <input
    className=""
    onChange={[Function]}
    type="radio"
  />
  <label />
</div>
`;
